
> wattwalker@0.0.0 build
> npm run sync-icon && vite build


> wattwalker@0.0.0 sync-icon
> node scripts/sync-app-icon.cjs

App icon synced to public/favicon.png
[36mvite v6.4.1 [32mbuilding for production...[36m[39m
transforming...
Browserslist: browsers data (caniuse-lite) is 11 months old. Please run:
  npx update-browserslist-db@latest
  Why you should do it regularly: https://github.com/browserslist/update-db#readme
[32mΓ£ô[39m 2 modules transformed.
Γ£ù Build failed in 459ms
error during build:
[vite:css] [postcss] It looks like you're trying to use `tailwindcss` directly as a PostCSS plugin. The PostCSS plugin has moved to a separate package, so to continue using Tailwind CSS with PostCSS you'll need to install `@tailwindcss/postcss` and update your PostCSS configuration.
file: C:/Users/IMDSO/Projects/WattWalker Combo/index.html?html-proxy&inline-css&index=0.css:undefined:NaN
    at Le (C:\Users\IMDSO\node_modules\tailwindcss\dist\lib.js:36:1984)
    at LazyResult.runOnRoot (C:\Users\IMDSO\Projects\WattWalker Combo\node_modules\postcss\lib\lazy-result.js:361:16)
    at LazyResult.runAsync (C:\Users\IMDSO\Projects\WattWalker Combo\node_modules\postcss\lib\lazy-result.js:290:26)
    at LazyResult.async (C:\Users\IMDSO\Projects\WattWalker Combo\node_modules\postcss\lib\lazy-result.js:192:30)
    at LazyResult.then (C:\Users\IMDSO\Projects\WattWalker Combo\node_modules\postcss\lib\lazy-result.js:436:17)
